
--- LAN RACE SERVER ACTIVE ---
> Host Locally:  http://localhost:3232
> Host on LAN:   http://192.168.68.72:3232
------------------------------


--- LAN RACE SERVER ACTIVE ---
> Host Locally:  http://localhost:3232
> Host on LAN:   http://192.168.68.72:3232
------------------------------


--- LAN RACE SERVER ACTIVE ---
> Host Locally:  http://localhost:3232
> Host on LAN:   http://192.168.68.72:3232
------------------------------

Player connected: bpTzKWwcQ6YfGCLlAAAB
Player connected: dOjsSEbTWQVGMLHfAAAD
Player connected: ZInyNIR3iwgSK-59AAAF
Player : \ completed lap 1
Player : \ completed lap 2
Player --- completed lap 1
Player disconnected: bpTzKWwcQ6YfGCLlAAAB
[WebRTC] UDP DataChannel closed for player: bpTzKWwcQ6YfGCLlAAAB
Player disconnected: ZInyNIR3iwgSK-59AAAF
[WebRTC] UDP DataChannel closed for player: ZInyNIR3iwgSK-59AAAF
Player : \ completed lap 3
Player disconnected: dOjsSEbTWQVGMLHfAAAD
[WebRTC] UDP DataChannel closed for player: dOjsSEbTWQVGMLHfAAAD
Player connected: Ljt8eq0No5byuD60AAAH
Player : | completed lap 1

--- LAN RACE SERVER ACTIVE ---
> Host Locally:  http://localhost:3232
> Host on LAN:   http://192.168.68.72:3232
------------------------------

Player connected: Pj0omFk_dGvbakFlAAAB

--- LAN RACE SERVER ACTIVE ---
> Host Locally:  http://localhost:3232
> Host on LAN:   http://192.168.68.72:3232
------------------------------

Player connected: qO72tTJJ0RlL8O8_AAAB
Player disconnected: qO72tTJJ0RlL8O8_AAAB
[WebRTC] UDP DataChannel closed for player: qO72tTJJ0RlL8O8_AAAB
Player connected: xLJ2N1NmLHnDm1ROAAAD
Player connected: SSgU8NFSSy6f5rgnAAAF
Player : | completed lap 1
Player : | completed lap 2
Player disconnected: xLJ2N1NmLHnDm1ROAAAD
[WebRTC] UDP DataChannel closed for player: xLJ2N1NmLHnDm1ROAAAD
Player connected: EBHc3EXUesOwc4x3AAAH
Player disconnected: SSgU8NFSSy6f5rgnAAAF
[WebRTC] UDP DataChannel closed for player: SSgU8NFSSy6f5rgnAAAF
Player connected: DOVioWBDFgI5VEpIAAAJ
Player user completed lap 1
Player disconnected: DOVioWBDFgI5VEpIAAAJ
[WebRTC] UDP DataChannel closed for player: DOVioWBDFgI5VEpIAAAJ
Player connected: j7hlkTGbKKamOUULAAAL
Player disconnected: j7hlkTGbKKamOUULAAAL
[WebRTC] UDP DataChannel closed for player: j7hlkTGbKKamOUULAAAL
Player connected: qsP1Imdhf6BNI84UAAAN
Player disconnected: qsP1Imdhf6BNI84UAAAN
[WebRTC] UDP DataChannel closed for player: qsP1Imdhf6BNI84UAAAN
Player connected: _nZDKjQZyoid5ox_AAAP
Player disconnected: _nZDKjQZyoid5ox_AAAP
[WebRTC] UDP DataChannel closed for player: _nZDKjQZyoid5ox_AAAP
Player connected: JPtPWQ1_bRS4faUqAAAR
Player disconnected: JPtPWQ1_bRS4faUqAAAR
[WebRTC] UDP DataChannel closed for player: JPtPWQ1_bRS4faUqAAAR
Player connected: cOmIglusIF0aNrcTAAAT
Player disconnected: cOmIglusIF0aNrcTAAAT
[WebRTC] UDP DataChannel closed for player: cOmIglusIF0aNrcTAAAT
Player connected: CxCAc2y9jBIgFM2iAAAV
Player disconnected: CxCAc2y9jBIgFM2iAAAV
[WebRTC] UDP DataChannel closed for player: CxCAc2y9jBIgFM2iAAAV
Player connected: 7pgh4H4zbz8tGn7EAAAX
Player disconnected: 7pgh4H4zbz8tGn7EAAAX
[WebRTC] UDP DataChannel closed for player: 7pgh4H4zbz8tGn7EAAAX
Player disconnected: EBHc3EXUesOwc4x3AAAH
[WebRTC] UDP DataChannel closed for player: EBHc3EXUesOwc4x3AAAH

--- LAN RACE SERVER ACTIVE ---
> Host Locally:  http://localhost:3232
> Host on LAN:   http://10.175.130.45:3232
------------------------------


--- LAN RACE SERVER ACTIVE ---
> Host Locally:  http://localhost:3232
> Host on LAN:   http://10.175.130.45:3232
------------------------------


--- LAN RACE SERVER ACTIVE ---
> Host Locally:  http://localhost:3232
> Host on LAN:   http://10.175.130.45:3232
------------------------------

Player connected: Rns4dnb6HOgouMqCAAAB
Player disconnected: Rns4dnb6HOgouMqCAAAB
[WebRTC] UDP DataChannel closed for player: Rns4dnb6HOgouMqCAAAB
Player connected: BA2c0gKKitdGt1_VAAAD
/Users/mk/maulik/LanRace/src/socketManager.js:147
}
^

SyntaxError: missing ) after argument list
    at wrapSafe (node:internal/modules/cjs/loader:1866:18)
    at Module._compile (node:internal/modules/cjs/loader:1908:20)
    at Object..js (node:internal/modules/cjs/loader:2074:10)
    at Module.load (node:internal/modules/cjs/loader:1656:32)
    at Module._load (node:internal/modules/cjs/loader:1448:12)
    at wrapModuleLoad (node:internal/modules/cjs/loader:261:19)
    at Module.require (node:internal/modules/cjs/loader:1679:12)
    at require (node:internal/modules/helpers:196:16)
    at Object.<anonymous> (/Users/mk/maulik/LanRace/server.js:6:28)
    at Module._compile (node:internal/modules/cjs/loader:1934:14)

Node.js v26.7.0

--- LAN RACE SERVER ACTIVE ---
> Host Locally:  http://localhost:3232
> Host on LAN:   http://10.175.130.45:3232
------------------------------

Player connected: 5srQjXpQAfJyFOJtAAAB
[WebRTC] Server generated offer for player 5srQjXpQAfJyFOJtAAAB
[WebRTC] Server applied SDP answer from 5srQjXpQAfJyFOJtAAAB
[WebRTC] 🚀 UDP DataChannel OPEN for player: 5srQjXpQAfJyFOJtAAAB

--- LAN RACE SERVER ACTIVE ---
> Host Locally:  http://localhost:3232
> Host on LAN:   http://10.175.130.45:3232
------------------------------

Player connected: 2JnRz5EE4JBhEI4PAAAB
[WebRTC] Server generated offer for player 2JnRz5EE4JBhEI4PAAAB
[WebRTC] Server applied SDP answer from 2JnRz5EE4JBhEI4PAAAB
[WebRTC] 🚀 UDP DataChannel OPEN for player: 2JnRz5EE4JBhEI4PAAAB
Player : completed lap 1
Player : completed lap 2
Player : completed lap 3
[WebRTC] UDP DataChannel closed for player: 2JnRz5EE4JBhEI4PAAAB
Player disconnected: 2JnRz5EE4JBhEI4PAAAB
Player connected: t9hM6N-QaVhjMgtjAAAD
[WebRTC] Server generated offer for player t9hM6N-QaVhjMgtjAAAD
[WebRTC] Server applied SDP answer from t9hM6N-QaVhjMgtjAAAD
[WebRTC] 🚀 UDP DataChannel OPEN for player: t9hM6N-QaVhjMgtjAAAD
Player connected: YBmBUWkpaWnghukDAAAF
[WebRTC] Server generated offer for player YBmBUWkpaWnghukDAAAF
[WebRTC] Server applied SDP answer from YBmBUWkpaWnghukDAAAF
[WebRTC] 🚀 UDP DataChannel OPEN for player: YBmBUWkpaWnghukDAAAF
Player yash completed lap 1
Player yash completed lap 2
Player :/ completed lap 1
Player yash completed lap 3
Player :/ completed lap 2
Player :/ completed lap 3

--- LAN RACE SERVER ACTIVE ---
> Host Locally:  http://localhost:3232
> Host on LAN:   http://10.175.130.45:3232
------------------------------

Player connected: 5ym8wob-BE8xw8UFAAAB
[WebRTC] Server generated offer for player 5ym8wob-BE8xw8UFAAAB
[WebRTC] Server applied SDP answer from 5ym8wob-BE8xw8UFAAAB
[WebRTC] 🚀 UDP DataChannel OPEN for player: 5ym8wob-BE8xw8UFAAAB
Player connected: ZtKOoU9cEk2oVB5jAAAD
[WebRTC] Server generated offer for player ZtKOoU9cEk2oVB5jAAAD
